#-----------------------------------------------------------
# Vivado v2018.2 (64-bit)
# SW Build 2258646 on Thu Jun 14 20:02:38 MDT 2018
# IP Build 2256618 on Thu Jun 14 22:10:49 MDT 2018
# Start of session at: Tue Jul 23 15:40:25 2019
# Process ID: 23692
# Current directory: /home/wlswo3149/Downloads/aes
# Command line: vivado
# Log file: /home/wlswo3149/Downloads/aes/vivado.log
# Journal file: /home/wlswo3149/Downloads/aes/vivado.jou
#-----------------------------------------------------------
start_gui
create_project project_1 /home/wlswo3149/Downloads/aes/project_1 -part xc7vx485tffg1157-1
add_files -norecurse {/home/wlswo3149/Downloads/aes/keyExpansion.v /home/wlswo3149/Downloads/aes/shiftRows.v /home/wlswo3149/Downloads/aes/mem_ctrl.v /home/wlswo3149/Downloads/aes/roundFunction.v /home/wlswo3149/Downloads/aes/mixColumns.v /home/wlswo3149/Downloads/aes/inv_mixColumns.v /home/wlswo3149/Downloads/aes/inv_subBytes.v /home/wlswo3149/Downloads/aes/inv_sbox.v /home/wlswo3149/Downloads/aes/subBytes.v /home/wlswo3149/Downloads/aes/aes_total.v /home/wlswo3149/Downloads/aes/cu.v /home/wlswo3149/Downloads/aes/memory.v /home/wlswo3149/Downloads/aes/round_adder.v /home/wlswo3149/Downloads/aes/sbox.v /home/wlswo3149/Downloads/aes/functionT.v /home/wlswo3149/Downloads/aes/inv_roundFunction.v /home/wlswo3149/Downloads/aes/inv_shiftRows.v}
update_compile_order -fileset sources_1
update_compile_order -fileset sources_1
launch_simulation
launch_simulation
launch_simulation
launch_simulation
launch_simulation
source aes_total.tcl
add_force {/aes_total/clk} -radix hex {1 0ns} {0 50000ps} -repeat_every 100000ps
add_force {/aes_total/rst_n} -radix hex {0 0ns}
run 1000 ns
add_force {/aes_total/rst_n} -radix hex {1 0ns}
add_force {/aes_total/key} -radix hex {000102030405060708090a0b0c0d0e0f 0ns}
add_force {/aes_total/aes_in} -radix hex {00112233445566778899aabbccddeeff 0ns}
add_force {/aes_total/mode} -radix hex {1 0ns}
add_force {/aes_total/enc} -radix hex {1 0ns}
add_force {/aes_total/keygen} -radix hex {1 0ns}
run 1000 ns
add_force {/aes_total/run} -radix hex {1 0ns}
run 1000 ns
add_force {/aes_total/run} -radix hex {0 0ns}
run 1000 ns
run 1000 ns
run 1000 ns
relaunch_sim
add_force {/aes_total/clk} -radix hex {1 0ns} {0 50000ps} -repeat_every 100000ps
add_force {/aes_total/rst_n} -radix hex {0 0ns}
run 1000 ns
add_force {/aes_total/rst_n} -radix hex {1 0ns}
add_force {/aes_total/key} -radix hex {000102030405060708090a0b0c0d0e0f 0ns}
add_force {/aes_total/aes_in} -radix hex {00112233445566778899aabbccddeeff 0ns}
add_force {/aes_total/mode} -radix hex {1 0ns}
add_force {/aes_total/enc} -radix hex {1 0ns}
add_force {/aes_total/keygen} -radix hex {1 0ns}
run 1000 ns
add_force {/aes_total/run} -radix hex {1 0ns}
run 1000 ns
add_force {/aes_total/run} -radix hex {0 0ns}
run 1000 ns
run 1000 ns
run 1000 ns
relaunch_sim
add_force {/aes_total/clk} -radix hex {1 0ns} {0 50000ps} -repeat_every 100000ps
add_force {/aes_total/rst_n} -radix hex {0 0ns}
run 1000 ns
add_force {/aes_total/rst_n} -radix hex {1 0ns}
add_force {/aes_total/key} -radix hex {000102030405060708090a0b0c0d0e0f 0ns}
add_force {/aes_total/aes_in} -radix hex {00112233445566778899aabbccddeeff 0ns}
add_force {/aes_total/mode} -radix hex {1 0ns}
add_force {/aes_total/enc} -radix hex {1 0ns}
add_force {/aes_total/keygen} -radix hex {1 0ns}
run 1000 ns
add_force {/aes_total/run} -radix hex {1 0ns}
run 1000 ns
add_force {/aes_total/run} -radix hex {0 0ns}
run 1000 ns
run 1000 ns
run 1000 ns
relaunch_sim
add_force {/aes_total/clk} -radix hex {1 0ns} {0 50000ps} -repeat_every 100000ps
add_force {/aes_total/rst_n} -radix hex {0 0ns}
run 1000 ns
add_force {/aes_total/rst_n} -radix hex {1 0ns}
add_force {/aes_total/key} -radix hex {000102030405060708090a0b0c0d0e0f 0ns}
add_force {/aes_total/aes_in} -radix hex {00112233445566778899aabbccddeeff 0ns}
add_force {/aes_total/mode} -radix hex {1 0ns}
add_force {/aes_total/enc} -radix hex {1 0ns}
add_force {/aes_total/keygen} -radix hex {1 0ns}
run 1000 ns
add_force {/aes_total/run} -radix hex {1 0ns}
run 1000 ns
add_force {/aes_total/run} -radix hex {0 0ns}
run 1000 ns
run 1000 ns
run 1000 ns
relaunch_sim
add_force {/aes_total/clk} -radix hex {1 0ns} {0 50000ps} -repeat_every 100000ps
add_force {/aes_total/rst_n} -radix hex {0 0ns}
run 1000 ns
add_force {/aes_total/rst_n} -radix hex {1 0ns}
add_force {/aes_total/key} -radix hex {000102030405060708090a0b0c0d0e0f 0ns}
add_force {/aes_total/aes_in} -radix hex {00112233445566778899aabbccddeeff 0ns}
add_force {/aes_total/mode} -radix hex {1 0ns}
add_force {/aes_total/enc} -radix hex {1 0ns}
add_force {/aes_total/keygen} -radix hex {1 0ns}
run 1000 ns
add_force {/aes_total/run} -radix hex {1 0ns}
run 1000 ns
add_force {/aes_total/run} -radix hex {0 0ns}
run 1000 ns
run 1000 ns
run 1000 ns
relaunch_sim
add_force {/aes_total/clk} -radix hex {1 0ns} {0 50000ps} -repeat_every 100000ps
add_force {/aes_total/rst_n} -radix hex {0 0ns}
run 1000 ns
add_force {/aes_total/rst_n} -radix hex {1 0ns}
add_force {/aes_total/key} -radix hex {000102030405060708090a0b0c0d0e0f 0ns}
add_force {/aes_total/aes_in} -radix hex {00112233445566778899aabbccddeeff 0ns}
add_force {/aes_total/mode} -radix hex {1 0ns}
add_force {/aes_total/enc} -radix hex {1 0ns}
add_force {/aes_total/keygen} -radix hex {1 0ns}
run 1000 ns
add_force {/aes_total/run} -radix hex {1 0ns}
run 1000 ns
add_force {/aes_total/run} -radix hex {0 0ns}
run 1000 ns
run 1000 ns
run 1000 ns
relaunch_sim
add_force {/aes_total/clk} -radix hex {1 0ns} {0 50000ps} -repeat_every 100000ps
add_force {/aes_total/rst_n} -radix hex {0 0ns}
run 1000 ns
add_force {/aes_total/rst_n} -radix hex {1 0ns}
add_force {/aes_total/key} -radix hex {000102030405060708090a0b0c0d0e0f 0ns}
add_force {/aes_total/aes_in} -radix hex {00112233445566778899aabbccddeeff 0ns}
add_force {/aes_total/mode} -radix hex {1 0ns}
add_force {/aes_total/enc} -radix hex {1 0ns}
add_force {/aes_total/keygen} -radix hex {1 0ns}
run 1000 ns
add_force {/aes_total/run} -radix hex {1 0ns}
run 1000 ns
add_force {/aes_total/run} -radix hex {0 0ns}
run 1000 ns
run 1000 ns
run 1000 ns
run 1000 ns
run 1000 ns
run 1000 ns
run 1000 ns
run 1000 ns
run 1000 ns
run 1000 ns
run 1000 ns
run 1000 ns
run 1000 ns
relaunch_sim
add_force {/aes_total/clk} -radix hex {1 0ns} {0 50000ps} -repeat_every 100000ps
add_force {/aes_total/rst_n} -radix hex {0 0ns}
run 1000 ns
add_force {/aes_total/rst_n} -radix hex {1 0ns}
add_force {/aes_total/key} -radix hex {000102030405060708090a0b0c0d0e0f 0ns}
add_force {/aes_total/aes_in} -radix hex {00112233445566778899aabbccddeeff 0ns}
add_force {/aes_total/mode} -radix hex {1 0ns}
add_force {/aes_total/enc} -radix hex {1 0ns}
add_force {/aes_total/keygen} -radix hex {1 0ns}
run 1000 ns
add_force {/aes_total/run} -radix hex {1 0ns}
run 1000 ns
add_force {/aes_total/run} -radix hex {0 0ns}
run 1000 ns
run 1000 ns
run 1000 ns
add_force {/aes_total/keygen} -radix hex {0 0ns}
add_force {/aes_total/run} -radix hex {1 0ns}
run 1000 ns
add_force {/aes_total/run} -radix hex {0 0ns}
run 1000 ns
run 1000 ns
run 1000 ns
relaunch_sim
add_force {/aes_total/clk} -radix hex {1 0ns} {0 50000ps} -repeat_every 100000ps
add_force {/aes_total/rst_n} -radix hex {0 0ns}
run 1000 ns
add_force {/aes_total/rst_n} -radix hex {1 0ns}
add_force {/aes_total/key} -radix hex {000102030405060708090a0b0c0d0e0f 0ns}
add_force {/aes_total/aes_in} -radix hex {00112233445566778899aabbccddeeff 0ns}
add_force {/aes_total/mode} -radix hex {1 0ns}
add_force {/aes_total/enc} -radix hex {1 0ns}
add_force {/aes_total/keygen} -radix hex {1 0ns}
run 1000 ns
add_force {/aes_total/run} -radix hex {1 0ns}
run 1000 ns
add_force {/aes_total/run} -radix hex {0 0ns}
run 1000 ns
run 1000 ns
run 1000 ns
run 1000 ns
run 1000 ns
run 1000 ns
add_force {/aes_total/keygen} -radix hex {0 0ns}
add_force {/aes_total/run} -radix hex {1 0ns}
run 1000 ns
add_force {/aes_total/run} -radix hex {0 0ns}
run 1000 ns
run 1000 ns
run 1000 ns
relaunch_sim
add_force {/aes_total/clk} -radix hex {1 0ns} {0 50000ps} -repeat_every 100000ps
add_force {/aes_total/rst_n} -radix hex {0 0ns}
run 1000 ns
add_force {/aes_total/rst_n} -radix hex {1 0ns}
add_force {/aes_total/key} -radix hex {000102030405060708090a0b0c0d0e0f 0ns}
add_force {/aes_total/aes_in} -radix hex {00112233445566778899aabbccddeeff 0ns}
add_force {/aes_total/mode} -radix hex {1 0ns}
add_force {/aes_total/enc} -radix hex {1 0ns}
add_force {/aes_total/keygen} -radix hex {1 0ns}
run 1000 ns
add_force {/aes_total/run} -radix hex {1 0ns}
run 1000 ns
add_force {/aes_total/run} -radix hex {0 0ns}
run 1000 ns
run 1000 ns
run 1000 ns
run 1000 ns
run 1000 ns
run 1000 ns
add_force {/aes_total/keygen} -radix hex {0 0ns}
add_force {/aes_total/run} -radix hex {1 0ns}
run 1000 ns
add_force {/aes_total/run} -radix hex {0 0ns}
run 1000 ns
run 1000 ns
run 1000 ns
relaunch_sim
add_force {/aes_total/clk} -radix hex {1 0ns} {0 50000ps} -repeat_every 100000ps
add_force {/aes_total/rst_n} -radix hex {0 0ns}
run 1000 ns
add_force {/aes_total/rst_n} -radix hex {1 0ns}
add_force {/aes_total/key} -radix hex {000102030405060708090a0b0c0d0e0f 0ns}
add_force {/aes_total/aes_in} -radix hex {00112233445566778899aabbccddeeff 0ns}
add_force {/aes_total/mode} -radix hex {1 0ns}
add_force {/aes_total/enc} -radix hex {1 0ns}
add_force {/aes_total/keygen} -radix hex {1 0ns}
run 1000 ns
add_force {/aes_total/run} -radix hex {1 0ns}
run 1000 ns
add_force {/aes_total/run} -radix hex {0 0ns}
run 1000 ns
run 1000 ns
run 1000 ns
run 1000 ns
run 1000 ns
run 1000 ns
add_force {/aes_total/keygen} -radix hex {0 0ns}
add_force {/aes_total/run} -radix hex {1 0ns}
run 1000 ns
add_force {/aes_total/run} -radix hex {0 0ns}
run 1000 ns
run 1000 ns
run 1000 ns
relaunch_sim
add_force {/aes_total/clk} -radix hex {1 0ns} {0 50000ps} -repeat_every 100000ps
force97
add_force {/aes_total/clk} -radix hex {1 0ns} {0 50000ps} -repeat_every 100000ps
add_force {/aes_total/rst_n} -radix hex {0 0ns}
run 1000 ns
add_force {/aes_total/rst_n} -radix hex {1 0ns}
add_force {/aes_total/key} -radix hex {000102030405060708090a0b0c0d0e0f 0ns}
add_force {/aes_total/aes_in} -radix hex {00112233445566778899aabbccddeeff 0ns}
add_force {/aes_total/mode} -radix hex {1 0ns}
add_force {/aes_total/enc} -radix hex {1 0ns}
add_force {/aes_total/keygen} -radix hex {1 0ns}
run 1000 ns
add_force {/aes_total/run} -radix hex {1 0ns}
run 1000 ns
add_force {/aes_total/run} -radix hex {0 0ns}
run 1000 ns
run 1000 ns
run 1000 ns
run 1000 ns
run 1000 ns
run 1000 ns
add_force {/aes_total/keygen} -radix hex {0 0ns}
add_force {/aes_total/run} -radix hex {1 0ns}
run 1000 ns
add_force {/aes_total/run} -radix hex {0 0ns}
run 1000 ns
run 1000 ns
run 1000 ns
relaunch_sim
add_force {/aes_total/clk} -radix hex {1 0ns} {0 50000ps} -repeat_every 100000ps
add_force {/aes_total/rst_n} -radix hex {0 0ns}
run 1000 ns
add_force {/aes_total/rst_n} -radix hex {1 0ns}
add_force {/aes_total/key} -radix hex {000102030405060708090a0b0c0d0e0f 0ns}
add_force {/aes_total/aes_in} -radix hex {00112233445566778899aabbccddeeff 0ns}
add_force {/aes_total/mode} -radix hex {1 0ns}
add_force {/aes_total/enc} -radix hex {1 0ns}
add_force {/aes_total/keygen} -radix hex {1 0ns}
run 1000 ns
add_force {/aes_total/run} -radix hex {1 0ns}
run 1000 ns
add_force {/aes_total/run} -radix hex {0 0ns}
run 1000 ns
run 1000 ns
run 1000 ns
run 1000 ns
run 1000 ns
run 1000 ns
add_force {/aes_total/keygen} -radix hex {0 0ns}
add_force {/aes_total/run} -radix hex {1 0ns}a
relaunch_sim
add_force {/aes_total/clk} -radix hex {1 0ns} {0 50000ps} -repeat_every 100000ps
add_force {/aes_total/rst_n} -radix hex {0 0ns}
run 1000 ns
add_force {/aes_total/rst_n} -radix hex {1 0ns}
add_force {/aes_total/key} -radix hex {000102030405060708090a0b0c0d0e0f 0ns}
add_force {/aes_total/aes_in} -radix hex {00112233445566778899aabbccddeeff 0ns}
add_force {/aes_total/mode} -radix hex {1 0ns}
add_force {/aes_total/enc} -radix hex {1 0ns}
add_force {/aes_total/keygen} -radix hex {1 0ns}
run 1000 ns
add_force {/aes_total/run} -radix hex {1 0ns}
run 1000 ns
add_force {/aes_total/run} -radix hex {0 0ns}
run 1000 ns
run 1000 ns
run 1000 ns
run 1000 ns
run 1000 ns
run 1000 ns
add_force {/aes_total/keygen} -radix hex {0 0ns}
add_force {/aes_total/run} -radix hex {1 0ns}a
relaunch_sim
add_force {/aes_total/clk} -radix hex {1 0ns} {0 50000ps} -repeat_every 100000ps
add_force {/aes_total/rst_n} -radix hex {0 0ns}
run 1000 ns
add_force {/aes_total/rst_n} -radix hex {1 0ns}
add_force {/aes_total/key} -radix hex {000102030405060708090a0b0c0d0e0f 0ns}
add_force {/aes_total/aes_in} -radix hex {00112233445566778899aabbccddeeff 0ns}
add_force {/aes_total/mode} -radix hex {1 0ns}
add_force {/aes_total/enc} -radix hex {1 0ns}
add_force {/aes_total/keygen} -radix hex {1 0ns}
run 1000 ns
add_force {/aes_total/run} -radix hex {1 0ns}
run 1000 ns
add_force {/aes_total/run} -radix hex {0 0ns}
run 1000 ns
run 1000 ns
run 1000 ns
run 1000 ns
run 1000 ns
run 1000 ns
add_force {/aes_total/keygen} -radix hex {0 0ns}
add_force {/aes_total/run} -radix hex {1 0ns}a
relaunch_sim
add_force {/aes_total/clk} -radix hex {1 0ns} {0 50000ps} -repeat_every 100000ps
add_force {/aes_total/rst_n} -radix hex {0 0ns}
run 1000 ns
add_force {/aes_total/rst_n} -radix hex {1 0ns}
add_force {/aes_total/key} -radix hex {000102030405060708090a0b0c0d0e0f 0ns}
add_force {/aes_total/aes_in} -radix hex {00112233445566778899aabbccddeeff 0ns}
add_force {/aes_total/mode} -radix hex {1 0ns}
add_force {/aes_total/enc} -radix hex {1 0ns}
add_force {/aes_total/keygen} -radix hex {1 0ns}
run 1000 ns
add_force {/aes_total/run} -radix hex {1 0ns}
run 1000 ns
add_force {/aes_total/run} -radix hex {0 0ns}
run 1000 ns
run 1000 ns
run 1000 ns
run 1000 ns
run 1000 ns
run 1000 ns
add_force {/aes_total/keygen} -radix hex {0 0ns}
add_force {/aes_total/run} -radix hex {1 0ns}a
run 1000 ns
add_force {/aes_total/run} -radix hex {1 0ns}
run 1000 ns
add_force {/aes_total/run} -radix hex {0 0ns}
run 1000 ns
run 1000 ns
relaunch_sim
add_force {/aes_total/clk} -radix hex {1 0ns} {0 50000ps} -repeat_every 100000ps
add_force {/aes_total/rst_n} -radix hex {0 0ns}
run 1000 ns
add_force {/aes_total/rst_n} -radix hex {1 0ns}
add_force {/aes_total/key} -radix hex {000102030405060708090a0b0c0d0e0f 0ns}
add_force {/aes_total/aes_in} -radix hex {00112233445566778899aabbccddeeff 0ns}
add_force {/aes_total/mode} -radix hex {1 0ns}
add_force {/aes_total/enc} -radix hex {1 0ns}
add_force {/aes_total/keygen} -radix hex {1 0ns}
run 1000 ns
add_force {/aes_total/run} -radix hex {1 0ns}
run 1000 ns
add_force {/aes_total/run} -radix hex {0 0ns}
run 1000 ns
run 1000 ns
run 1000 ns
run 1000 ns
run 1000 ns
run 1000 ns
add_force {/aes_total/keygen} -radix hex {0 0ns}
add_force {/aes_total/run} -radix hex {1 0ns}a
add_force {/aes_total/keygen} -radix hex {0 0ns}
run 1000 ns
add_force {/aes_total/run} -radix hex {0 0ns}
run 1000 ns
run 1000 ns
add_force {/aes_total/run} -radix hex {1 0ns}
run 1000 ns
add_force {/aes_total/run} -radix hex {0 0ns}
run 1000 ns
run 1000 ns
relaunch_sim
